// Jest Snapshot v1, https://goo.gl/fbAQLP

exports[`deserialize marked blocks 1`] = `
Object {
  "document": Object {
    "data": Object {},
    "nodes": Array [
      Object {
        "data": Object {},
        "isVoid": false,
        "nodes": Array [
          Object {
            "leaves": Array [
              Object {
                "marks": Array [],
                "object": "leaf",
                "text": "one",
              },
              Object {
                "marks": Array [
                  Object {
                    "data": Object {},
                    "object": "mark",
                    "type": "bold",
                  },
                ],
                "object": "leaf",
                "text": "two",
              },
              Object {
                "marks": Array [
                  Object {
                    "data": Object {},
                    "object": "mark",
                    "type": "italics",
                  },
                  Object {
                    "data": Object {},
                    "object": "mark",
                    "type": "bold",
                  },
                ],
                "object": "leaf",
                "text": "three",
              },
            ],
            "object": "text",
          },
          Object {
            "data": Object {},
            "isVoid": false,
            "nodes": Array [
              Object {
                "leaves": Array [
                  Object {
                    "marks": Array [
                      Object {
                        "data": Object {},
                        "object": "mark",
                        "type": "bold",
                      },
                    ],
                    "object": "leaf",
                    "text": "four",
                  },
                ],
                "object": "text",
              },
            ],
            "object": "inline",
            "type": "link",
          },
          Object {
            "leaves": Array [
              Object {
                "marks": Array [],
                "object": "leaf",
                "text": "",
              },
            ],
            "object": "text",
          },
        ],
        "object": "block",
        "type": "paragraph",
      },
    ],
    "object": "document",
  },
  "object": "value",
}
`;
